// Jest Snapshot v1, https://goo.gl/fbAQLP

exports[`Expanded basic 1`] = `
<div
  className="f1n4s149"
  debug-label="Expanded"
>
  empty content
</div>
`;
