// Jest Snapshot v1, https://goo.gl/fbAQLP

exports[`Container basic 1`] = `
<div
  className="f1zge5p"
  debug-label="Container"
>
  empty content
</div>
`;
