// Jest Snapshot v1, https://goo.gl/fbAQLP

exports[`Row basic 1`] = `
<div
  className="foxw8m9"
  debug-label="Row"
>
  empty content
</div>
`;
