// Jest Snapshot v1, https://goo.gl/fbAQLP

exports[`Spacer basic 1`] = `
<div
  debug-label="Spacer"
  style={
    Object {
      "flex": 1,
    }
  }
/>
`;
