// Jest Snapshot v1, https://goo.gl/fbAQLP

exports[`Positioned basic 1`] = `
<div
  className="fhwmucx"
  debug-label="Positioned"
>
  empty content
</div>
`;
